<testsuites id="" name="" tests="1" failures="0" skipped="0" errors="0" time="11.316096999999994">
<testsuite name="LoginTest.spec.js" timestamp="2025-04-27T00:04:02.540Z" hostname="chromium" tests="1" failures="0" skipped="0" time="8.234" errors="0">
<testcase name="LoginTest@smoke" classname="LoginTest.spec.js" time="8.234">
<system-out>
<![CDATA[Running beforeAll...
Setting up browser: chromium...
Navigating to: https://hrm.neotechacademy.com/
Clicking the PIM button...
Clicking the Employee List button...
Verifying the Employee Table is visible...
Running afterAll...
Tearing down browser...
Browser closed successfully.
]]>
</system-out>
</testcase>
</testsuite>
</testsuites>